2026-09-05 08:21:11,686 | INFO | __main__ | Authenticating user...
2026-09-05 08:21:11,686 | INFO | __main__ | No valid credentials found. Starting OAuth flow...
2026-09-05 08:21:58,216 | INFO | __main__ | Authenticating user...
2026-09-05 08:21:58,216 | INFO | __main__ | No valid credentials found. Starting OAuth flow...
2026-09-05 08:24:18,132 | INFO | __main__ | Authenticating user...
2026-09-05 08:24:18,132 | INFO | __main__ | No valid credentials found. Starting OAuth flow...
2026-09-05 08:24:34,077 | INFO | __main__ | Saving credentials...
2026-09-05 08:24:34,078 | INFO | __main__ | Authentication successful. Building Gmail service...
2026-09-05 08:24:34,083 | INFO | __main__ | Fetching message IDs...
2026-09-05 08:25:47,563 | INFO | __main__ | Authenticating user...
2026-09-05 08:25:47,563 | INFO | __main__ | Token file found. Loading credentials...
2026-09-05 08:25:47,569 | INFO | __main__ | Authentication successful. Building Gmail service...
2026-09-05 08:25:47,572 | INFO | __main__ | Fetching message IDs...
2026-09-05 08:27:36,514 | INFO | __main__ | Authenticating user...
2026-09-05 08:27:36,514 | INFO | __main__ | Token file found. Loading credentials...
2026-09-05 08:27:36,518 | INFO | __main__ | Authentication successful. Building Gmail service...
2026-09-05 08:27:36,520 | INFO | __main__ | Fetching message IDs...
2026-09-05 08:27:37,656 | INFO | __main__ | Fetched page 1: 500 messages (total: 500)
2026-09-05 08:27:38,091 | INFO | __main__ | Fetched page 2: 500 messages (total: 1000)
2026-09-05 08:27:38,520 | INFO | __main__ | Fetched page 3: 500 messages (total: 1500)
2026-09-05 08:27:39,662 | INFO | __main__ | Fetched page 4: 500 messages (total: 2000)
2026-09-05 08:27:40,085 | INFO | __main__ | Fetched page 5: 500 messages (total: 2500)
2026-09-05 08:27:40,493 | INFO | __main__ | Fetched page 6: 500 messages (total: 3000)
2026-09-05 08:27:40,908 | INFO | __main__ | Fetched page 7: 500 messages (total: 3500)
2026-09-05 08:27:41,998 | INFO | __main__ | Fetched page 8: 500 messages (total: 4000)
2026-09-05 08:27:43,069 | INFO | __main__ | Fetched page 9: 500 messages (total: 4500)
2026-09-05 08:27:43,503 | INFO | __main__ | Fetched page 10: 500 messages (total: 5000)
2026-09-05 08:27:44,632 | INFO | __main__ | Fetched page 11: 500 messages (total: 5500)
2026-09-05 08:27:45,062 | INFO | __main__ | Fetched page 12: 500 messages (total: 6000)
2026-09-05 08:27:45,466 | INFO | __main__ | Fetched page 13: 500 messages (total: 6500)
2026-09-05 08:27:45,880 | INFO | __main__ | Fetched page 14: 500 messages (total: 7000)
2026-09-05 08:27:46,322 | INFO | __main__ | Fetched page 15: 500 messages (total: 7500)
2026-09-05 08:27:46,747 | INFO | __main__ | Fetched page 16: 500 messages (total: 8000)
2026-09-05 08:27:47,180 | INFO | __main__ | Fetched page 17: 500 messages (total: 8500)
2026-09-05 08:27:47,603 | INFO | __main__ | Fetched page 18: 500 messages (total: 9000)
2026-09-05 08:27:48,042 | INFO | __main__ | Fetched page 19: 500 messages (total: 9500)
2026-09-05 08:27:48,462 | INFO | __main__ | Fetched page 20: 500 messages (total: 10000)
2026-09-05 08:27:48,930 | INFO | __main__ | Fetched page 21: 500 messages (total: 10500)
2026-09-05 08:27:49,326 | INFO | __main__ | Fetched page 22: 500 messages (total: 11000)
2026-09-05 08:27:49,716 | INFO | __main__ | Fetched page 23: 500 messages (total: 11500)
2026-09-05 08:27:50,101 | INFO | __main__ | Fetched page 24: 500 messages (total: 12000)
2026-09-05 08:27:50,483 | INFO | __main__ | Fetched page 25: 500 messages (total: 12500)
2026-09-05 08:27:50,873 | INFO | __main__ | Fetched page 26: 500 messages (total: 13000)
2026-09-05 08:27:51,248 | INFO | __main__ | Fetched page 27: 500 messages (total: 13500)
2026-09-05 08:27:51,618 | INFO | __main__ | Fetched page 28: 500 messages (total: 14000)
2026-09-05 08:27:51,979 | INFO | __main__ | Fetched page 29: 500 messages (total: 14500)
2026-09-05 08:27:52,354 | INFO | __main__ | Fetched page 30: 500 messages (total: 15000)
2026-09-05 08:27:52,728 | INFO | __main__ | Fetched page 31: 500 messages (total: 15500)
2026-09-05 08:27:53,099 | INFO | __main__ | Fetched page 32: 500 messages (total: 16000)
2026-09-05 08:27:54,140 | INFO | __main__ | Fetched page 33: 500 messages (total: 16500)
2026-09-05 08:27:54,510 | INFO | __main__ | Fetched page 34: 500 messages (total: 17000)
2026-09-05 08:27:54,878 | INFO | __main__ | Fetched page 35: 500 messages (total: 17500)
2026-09-05 08:27:55,231 | INFO | __main__ | Fetched page 36: 500 messages (total: 18000)
2026-09-05 08:27:55,596 | INFO | __main__ | Fetched page 37: 500 messages (total: 18500)
2026-09-05 08:27:55,983 | INFO | __main__ | Fetched page 38: 500 messages (total: 19000)
2026-09-05 08:27:56,357 | INFO | __main__ | Fetched page 39: 500 messages (total: 19500)
2026-09-05 08:27:56,720 | INFO | __main__ | Fetched page 40: 500 messages (total: 20000)
2026-09-05 08:27:57,758 | INFO | __main__ | Fetched page 41: 500 messages (total: 20500)
2026-09-05 08:27:58,115 | INFO | __main__ | Fetched page 42: 500 messages (total: 21000)
2026-09-05 08:27:58,493 | INFO | __main__ | Fetched page 43: 500 messages (total: 21500)
2026-09-05 08:27:58,877 | INFO | __main__ | Fetched page 44: 500 messages (total: 22000)
2026-09-05 08:27:59,267 | INFO | __main__ | Fetched page 45: 500 messages (total: 22500)
2026-09-05 08:27:59,636 | INFO | __main__ | Fetched page 46: 500 messages (total: 23000)
2026-09-05 08:28:00,040 | INFO | __main__ | Fetched page 47: 500 messages (total: 23500)
2026-09-05 08:28:00,428 | INFO | __main__ | Fetched page 48: 500 messages (total: 24000)
2026-09-05 08:28:00,818 | INFO | __main__ | Fetched page 49: 500 messages (total: 24500)
2026-09-05 08:28:01,202 | INFO | __main__ | Fetched page 50: 500 messages (total: 25000)
2026-09-05 08:28:01,577 | INFO | __main__ | Fetched page 51: 500 messages (total: 25500)
2026-09-05 08:28:01,952 | INFO | __main__ | Fetched page 52: 500 messages (total: 26000)
2026-09-05 08:28:02,313 | INFO | __main__ | Fetched page 53: 500 messages (total: 26500)
2026-09-05 08:28:02,702 | INFO | __main__ | Fetched page 54: 500 messages (total: 27000)
2026-09-05 08:28:03,092 | INFO | __main__ | Fetched page 55: 500 messages (total: 27500)
2026-09-05 08:28:03,475 | INFO | __main__ | Fetched page 56: 500 messages (total: 28000)
2026-09-05 08:28:03,832 | INFO | __main__ | Fetched page 57: 500 messages (total: 28500)
2026-09-05 08:28:04,197 | INFO | __main__ | Fetched page 58: 500 messages (total: 29000)
2026-09-05 08:28:05,238 | INFO | __main__ | Fetched page 59: 500 messages (total: 29500)
2026-09-05 08:28:05,618 | INFO | __main__ | Fetched page 60: 500 messages (total: 30000)
2026-09-05 08:28:05,996 | INFO | __main__ | Fetched page 61: 500 messages (total: 30500)
2026-09-05 08:28:06,373 | INFO | __main__ | Fetched page 62: 500 messages (total: 31000)
2026-09-05 08:28:06,747 | INFO | __main__ | Fetched page 63: 500 messages (total: 31500)
2026-09-05 08:28:07,140 | INFO | __main__ | Fetched page 64: 500 messages (total: 32000)
2026-09-05 08:28:07,516 | INFO | __main__ | Fetched page 65: 500 messages (total: 32500)
2026-09-05 08:28:07,901 | INFO | __main__ | Fetched page 66: 500 messages (total: 33000)
2026-09-05 08:28:08,935 | INFO | __main__ | Fetched page 67: 500 messages (total: 33500)
2026-09-05 08:28:09,335 | INFO | __main__ | Fetched page 68: 500 messages (total: 34000)
2026-09-05 08:28:09,703 | INFO | __main__ | Fetched page 69: 500 messages (total: 34500)
2026-09-05 08:28:10,082 | INFO | __main__ | Fetched page 70: 500 messages (total: 35000)
2026-09-05 08:28:10,524 | INFO | __main__ | Fetched page 71: 500 messages (total: 35500)
2026-09-05 08:28:10,909 | INFO | __main__ | Fetched page 72: 500 messages (total: 36000)
2026-09-05 08:28:11,277 | INFO | __main__ | Fetched page 73: 500 messages (total: 36500)
2026-09-05 08:28:11,660 | INFO | __main__ | Fetched page 74: 500 messages (total: 37000)
2026-09-05 08:28:12,047 | INFO | __main__ | Fetched page 75: 500 messages (total: 37500)
2026-09-05 08:28:12,413 | INFO | __main__ | Fetched page 76: 500 messages (total: 38000)
2026-09-05 08:28:12,787 | INFO | __main__ | Fetched page 77: 500 messages (total: 38500)
2026-09-05 08:28:13,147 | INFO | __main__ | Fetched page 78: 500 messages (total: 39000)
2026-09-05 08:28:13,521 | INFO | __main__ | Fetched page 79: 500 messages (total: 39500)
2026-09-05 08:30:58,086 | INFO | __main__ | Authenticating user...
2026-09-05 08:30:58,086 | INFO | __main__ | Token file found. Loading credentials...
2026-09-05 08:30:58,091 | INFO | __main__ | Authentication successful. Building Gmail service...
2026-09-05 08:30:58,093 | INFO | __main__ | Fetching up to 1000 recent message IDs...
2026-09-05 08:30:58,588 | INFO | __main__ | Fetched page 1: 500 messages (total: 500/1000)
2026-09-05 08:30:59,014 | INFO | __main__ | Fetched page 2: 500 messages (total: 1000/1000)
2026-09-05 08:30:59,014 | INFO | __main__ | Finished fetching message IDs. Total: 1000 messages in 0.92 seconds.
2026-09-05 08:32:50,116 | INFO | __main__ | Authenticating user...
2026-09-05 08:32:50,116 | INFO | __main__ | Token file found. Loading credentials...
2026-09-05 08:32:50,120 | INFO | __main__ | Authentication successful. Building Gmail service...
2026-09-05 08:32:50,122 | INFO | __main__ | Fetching up to 10000 recent message IDs...
2026-09-05 08:32:50,593 | INFO | __main__ | Fetched page 1: 500 messages (total: 500/10000)
2026-09-05 08:32:51,004 | INFO | __main__ | Fetched page 2: 500 messages (total: 1000/10000)
2026-09-05 08:32:52,067 | INFO | __main__ | Fetched page 3: 500 messages (total: 1500/10000)
2026-09-05 08:32:52,462 | INFO | __main__ | Fetched page 4: 500 messages (total: 2000/10000)
2026-09-05 08:32:52,859 | INFO | __main__ | Fetched page 5: 500 messages (total: 2500/10000)
2026-09-05 08:32:53,256 | INFO | __main__ | Fetched page 6: 500 messages (total: 3000/10000)
2026-09-05 08:32:53,667 | INFO | __main__ | Fetched page 7: 500 messages (total: 3500/10000)
2026-09-05 08:32:54,070 | INFO | __main__ | Fetched page 8: 500 messages (total: 4000/10000)
2026-09-05 08:32:54,467 | INFO | __main__ | Fetched page 9: 500 messages (total: 4500/10000)
2026-09-05 08:32:54,846 | INFO | __main__ | Fetched page 10: 500 messages (total: 5000/10000)
2026-09-05 08:32:55,244 | INFO | __main__ | Fetched page 11: 500 messages (total: 5500/10000)
2026-09-05 08:32:55,627 | INFO | __main__ | Fetched page 12: 500 messages (total: 6000/10000)
2026-09-05 08:32:56,006 | INFO | __main__ | Fetched page 13: 500 messages (total: 6500/10000)
2026-09-05 08:32:56,378 | INFO | __main__ | Fetched page 14: 500 messages (total: 7000/10000)
2026-09-05 08:32:56,777 | INFO | __main__ | Fetched page 15: 500 messages (total: 7500/10000)
2026-09-05 08:32:57,192 | INFO | __main__ | Fetched page 16: 500 messages (total: 8000/10000)
2026-09-05 08:32:57,606 | INFO | __main__ | Fetched page 17: 500 messages (total: 8500/10000)
2026-09-05 08:32:58,002 | INFO | __main__ | Fetched page 18: 500 messages (total: 9000/10000)
2026-09-05 08:32:58,402 | INFO | __main__ | Fetched page 19: 500 messages (total: 9500/10000)
2026-09-05 08:32:58,800 | INFO | __main__ | Fetched page 20: 500 messages (total: 10000/10000)
2026-09-05 08:32:58,801 | INFO | __main__ | Finished fetching message IDs. Total: 10000 messages in 8.68 seconds.
2026-09-05 08:34:04,704 | INFO | gmail_sync | Authenticating user...
2026-09-05 08:34:04,704 | INFO | gmail_sync | Token file found. Loading credentials...
2026-09-05 08:34:04,708 | INFO | gmail_sync | Authentication successful. Building Gmail service...
2026-09-05 08:34:04,710 | INFO | gmail_sync | Fetching up to 10000 recent message IDs...
2026-09-05 08:34:05,169 | INFO | gmail_sync | Fetched page 1: 500 messages (total: 500/10000)
2026-09-05 08:34:05,581 | INFO | gmail_sync | Fetched page 2: 500 messages (total: 1000/10000)
2026-09-05 08:34:06,007 | INFO | gmail_sync | Fetched page 3: 500 messages (total: 1500/10000)
2026-09-05 08:34:06,418 | INFO | gmail_sync | Fetched page 4: 500 messages (total: 2000/10000)
2026-09-05 08:34:06,806 | INFO | gmail_sync | Fetched page 5: 500 messages (total: 2500/10000)
2026-09-05 08:34:07,216 | INFO | gmail_sync | Fetched page 6: 500 messages (total: 3000/10000)
2026-09-05 08:34:07,622 | INFO | gmail_sync | Fetched page 7: 500 messages (total: 3500/10000)
2026-09-05 08:34:08,679 | INFO | gmail_sync | Fetched page 8: 500 messages (total: 4000/10000)
2026-09-05 08:34:09,102 | INFO | gmail_sync | Fetched page 9: 500 messages (total: 4500/10000)
2026-09-05 08:34:09,502 | INFO | gmail_sync | Fetched page 10: 500 messages (total: 5000/10000)
2026-09-05 08:34:09,904 | INFO | gmail_sync | Fetched page 11: 500 messages (total: 5500/10000)
2026-09-05 08:34:10,314 | INFO | gmail_sync | Fetched page 12: 500 messages (total: 6000/10000)
2026-09-05 08:34:10,705 | INFO | gmail_sync | Fetched page 13: 500 messages (total: 6500/10000)
2026-09-05 08:34:11,082 | INFO | gmail_sync | Fetched page 14: 500 messages (total: 7000/10000)
2026-09-05 08:34:11,489 | INFO | gmail_sync | Fetched page 15: 500 messages (total: 7500/10000)
2026-09-05 08:34:11,897 | INFO | gmail_sync | Fetched page 16: 500 messages (total: 8000/10000)
2026-09-05 08:34:12,312 | INFO | gmail_sync | Fetched page 17: 500 messages (total: 8500/10000)
2026-09-05 08:34:12,710 | INFO | gmail_sync | Fetched page 18: 500 messages (total: 9000/10000)
2026-09-05 08:34:13,104 | INFO | gmail_sync | Fetched page 19: 500 messages (total: 9500/10000)
2026-09-05 08:34:13,496 | INFO | gmail_sync | Fetched page 20: 500 messages (total: 10000/10000)
2026-09-05 08:34:13,496 | INFO | gmail_sync | Finished fetching message IDs. Total: 10000 messages in 8.79 seconds.
2026-09-05 08:34:29,700 | INFO | gmail_sync | Authenticating user...
2026-09-05 08:34:29,700 | INFO | gmail_sync | Token file found. Loading credentials...
2026-09-05 08:34:29,703 | INFO | gmail_sync | Authentication successful. Building Gmail service...
2026-09-05 08:34:29,705 | INFO | gmail_sync | Fetching up to 10000 recent message IDs...
2026-09-05 08:34:30,284 | INFO | gmail_sync | Fetched page 1: 500 messages (total: 500/10000)
2026-09-05 08:34:30,719 | INFO | gmail_sync | Fetched page 2: 500 messages (total: 1000/10000)
2026-09-05 08:34:31,150 | INFO | gmail_sync | Fetched page 3: 500 messages (total: 1500/10000)
2026-09-05 08:34:31,565 | INFO | gmail_sync | Fetched page 4: 500 messages (total: 2000/10000)
2026-09-05 08:34:31,993 | INFO | gmail_sync | Fetched page 5: 500 messages (total: 2500/10000)
2026-09-05 08:34:32,398 | INFO | gmail_sync | Fetched page 6: 500 messages (total: 3000/10000)
2026-09-05 08:34:32,817 | INFO | gmail_sync | Fetched page 7: 500 messages (total: 3500/10000)
2026-09-05 08:34:33,231 | INFO | gmail_sync | Fetched page 8: 500 messages (total: 4000/10000)
2026-09-05 08:34:34,320 | INFO | gmail_sync | Fetched page 9: 500 messages (total: 4500/10000)
2026-09-05 08:34:34,772 | INFO | gmail_sync | Fetched page 10: 500 messages (total: 5000/10000)
2026-09-05 08:34:35,840 | INFO | gmail_sync | Fetched page 11: 500 messages (total: 5500/10000)
2026-09-05 08:34:36,275 | INFO | gmail_sync | Fetched page 12: 500 messages (total: 6000/10000)
2026-09-05 08:34:36,682 | INFO | gmail_sync | Fetched page 13: 500 messages (total: 6500/10000)
2026-09-05 08:34:37,734 | INFO | gmail_sync | Fetched page 14: 500 messages (total: 7000/10000)
2026-09-05 08:34:38,170 | INFO | gmail_sync | Fetched page 15: 500 messages (total: 7500/10000)
2026-09-05 08:34:38,587 | INFO | gmail_sync | Fetched page 16: 500 messages (total: 8000/10000)
2026-09-05 08:34:39,677 | INFO | gmail_sync | Fetched page 17: 500 messages (total: 8500/10000)
2026-09-05 08:34:40,089 | INFO | gmail_sync | Fetched page 18: 500 messages (total: 9000/10000)
2026-09-05 08:34:40,511 | INFO | gmail_sync | Fetched page 19: 500 messages (total: 9500/10000)
2026-09-05 08:34:40,929 | INFO | gmail_sync | Fetched page 20: 500 messages (total: 10000/10000)
2026-09-05 08:34:40,930 | INFO | gmail_sync | Finished fetching message IDs. Total: 10000 messages in 11.22 seconds.
2026-09-05 08:36:51,382 | INFO | gmail_sync | Authenticating user...
2026-09-05 08:36:51,382 | INFO | gmail_sync | Token file found. Loading credentials...
2026-09-05 08:36:51,386 | INFO | gmail_sync | Authentication successful. Building Gmail service...
2026-09-05 08:36:51,389 | INFO | gmail_sync | Fetching up to 5 recent message IDs...
2026-09-05 08:36:51,788 | INFO | gmail_sync | Fetched page 1: 5 messages (total: 5/5)
2026-09-05 08:36:51,788 | INFO | gmail_sync | Finished fetching message IDs. Total: 5 messages in 0.40 seconds.
2026-09-05 09:43:14,602 | INFO | gmail_sync | Authenticating user...
2026-09-05 09:43:14,602 | INFO | gmail_sync | Token file found. Loading credentials...
2026-09-05 09:43:14,607 | INFO | gmail_sync | Token expired. Refreshing token...
2026-09-05 09:43:14,795 | INFO | gmail_sync | Saving credentials...
2026-09-05 09:43:14,796 | INFO | gmail_sync | Authentication successful. Building Gmail service...
2026-09-05 09:43:14,800 | INFO | gmail_sync | Fetching up to 5 recent message IDs...
2026-09-05 09:43:15,251 | INFO | gmail_sync | Fetched page 1: 5 messages (total: 5/5)
2026-09-05 09:43:15,251 | INFO | gmail_sync | Finished fetching message IDs. Total: 5 messages in 0.45 seconds.
2026-09-05 09:46:16,178 | INFO | gmail_sync | Authenticating user...
2026-09-05 09:46:16,179 | INFO | gmail_sync | Token file found. Loading credentials...
2026-09-05 09:46:16,182 | INFO | gmail_sync | Authentication successful. Building Gmail service...
2026-09-05 09:46:16,184 | INFO | gmail_sync | Fetching up to 5 recent message IDs...
2026-09-05 09:46:16,596 | INFO | gmail_sync | Fetched page 1: 5 messages (total: 5/5)
2026-09-05 09:46:16,596 | INFO | gmail_sync | Finished fetching message IDs. Total: 5 messages in 0.41 seconds.
2026-09-05 09:50:03,722 | INFO | gmail_sync | Authenticating user...
2026-09-05 09:50:03,723 | INFO | gmail_sync | Token file found. Loading credentials...
2026-09-05 09:50:03,726 | INFO | gmail_sync | Authentication successful. Building Gmail service...
2026-09-05 09:50:03,728 | INFO | gmail_sync | Fetching up to 5 recent message IDs...
2026-09-05 09:50:04,145 | INFO | gmail_sync | Fetched page 1: 5 messages (total: 5/5)
2026-09-05 09:50:04,145 | INFO | gmail_sync | Finished fetching message IDs. Total: 5 messages in 0.42 seconds.
2026-09-05 09:52:44,093 | INFO | gmail_sync | Authenticating user...
2026-09-05 09:52:44,093 | INFO | gmail_sync | Token file found. Loading credentials...
2026-09-05 09:52:44,096 | INFO | gmail_sync | Authentication successful. Building Gmail service...
2026-09-05 09:52:44,099 | INFO | gmail_sync | Fetching up to 5 recent message IDs...
2026-09-05 09:52:44,497 | INFO | gmail_sync | Fetched page 1: 5 messages (total: 5/5)
2026-09-05 09:52:44,497 | INFO | gmail_sync | Finished fetching message IDs. Total: 5 messages in 0.40 seconds.
2026-09-05 09:53:27,891 | INFO | gmail_sync | Authenticating user...
2026-09-05 09:53:27,891 | INFO | gmail_sync | Token file found. Loading credentials...
2026-09-05 09:53:27,894 | INFO | gmail_sync | Authentication successful. Building Gmail service...
2026-09-05 09:53:27,896 | INFO | gmail_sync | Fetching up to 5 recent message IDs...
2026-09-05 09:53:28,326 | INFO | gmail_sync | Fetched page 1: 5 messages (total: 5/5)
2026-09-05 09:53:28,326 | INFO | gmail_sync | Finished fetching message IDs. Total: 5 messages in 0.43 seconds.
2026-09-05 10:02:02,176 | INFO | gmail_sync | Authenticating user...
2026-09-05 10:02:02,176 | INFO | gmail_sync | No valid credentials found. Starting OAuth flow...
2026-09-05 10:04:21,083 | INFO | gmail_sync | Authenticating user...
2026-09-05 10:04:21,083 | INFO | gmail_sync | Token file found. Loading credentials...
2026-09-05 10:04:21,088 | INFO | gmail_sync | Authentication successful. Building Gmail service...
2026-09-05 10:04:21,090 | INFO | gmail_sync | Fetching up to 5 recent message IDs...
2026-09-05 10:04:21,510 | INFO | gmail_sync | Fetched page 1: 5 messages (total: 5/5)
2026-09-05 10:04:21,510 | INFO | gmail_sync | Finished fetching message IDs. Total: 5 messages in 0.42 seconds.
2026-09-05 10:07:44,365 | INFO | gmail_sync | Authenticating user...
2026-09-05 10:07:44,365 | INFO | gmail_sync | Token file found. Loading credentials...
2026-09-05 10:07:44,369 | INFO | gmail_sync | Authentication successful. Building Gmail service...
2026-09-05 10:07:44,371 | INFO | gmail_sync | Fetching up to 5 recent message IDs...
2026-09-05 10:07:44,775 | INFO | gmail_sync | Fetched page 1: 5 messages (total: 5/5)
2026-09-05 10:07:44,775 | INFO | gmail_sync | Finished fetching message IDs. Total: 5 messages in 0.40 seconds.
2026-09-05 10:08:45,691 | INFO | gmail_sync | Authenticating user...
2026-09-05 10:08:45,692 | INFO | gmail_sync | Token file found. Loading credentials...
2026-09-05 10:08:45,696 | INFO | gmail_sync | Authentication successful. Building Gmail service...
2026-09-05 10:08:45,698 | INFO | gmail_sync | Fetching up to 5 recent message IDs...
2026-09-05 10:08:46,084 | INFO | gmail_sync | Fetched page 1: 5 messages (total: 5/5)
2026-09-05 10:08:46,085 | INFO | gmail_sync | Finished fetching message IDs. Total: 5 messages in 0.39 seconds.
2026-09-05 10:08:48,624 | INFO | gmail_sync | Authenticating user...
2026-09-05 10:08:48,624 | INFO | gmail_sync | Token file found. Loading credentials...
2026-09-05 10:08:48,628 | INFO | gmail_sync | Authentication successful. Building Gmail service...
2026-09-05 10:08:48,630 | INFO | gmail_sync | Fetching up to 5 recent message IDs...
2026-09-05 10:08:49,032 | INFO | gmail_sync | Fetched page 1: 5 messages (total: 5/5)
2026-09-05 10:08:49,032 | INFO | gmail_sync | Finished fetching message IDs. Total: 5 messages in 0.40 seconds.
2026-09-05 10:08:57,040 | INFO | gmail_sync | Authenticating user...
2026-09-05 10:08:57,040 | INFO | gmail_sync | Token file found. Loading credentials...
2026-09-05 10:08:57,046 | INFO | gmail_sync | Authentication successful. Building Gmail service...
2026-09-05 10:08:57,048 | INFO | gmail_sync | Fetching up to 5 recent message IDs...
2026-09-05 10:08:57,438 | INFO | gmail_sync | Fetched page 1: 5 messages (total: 5/5)
2026-09-05 10:08:57,438 | INFO | gmail_sync | Finished fetching message IDs. Total: 5 messages in 0.39 seconds.
2026-09-05 10:09:08,392 | INFO | gmail_sync | Authenticating user...
2026-09-05 10:09:08,392 | INFO | gmail_sync | Token file found. Loading credentials...
2026-09-05 10:09:08,396 | INFO | gmail_sync | Authentication successful. Building Gmail service...
2026-09-05 10:09:08,399 | INFO | gmail_sync | Fetching up to 5 recent message IDs...
2026-09-05 10:09:08,794 | INFO | gmail_sync | Fetched page 1: 5 messages (total: 5/5)
2026-09-05 10:09:08,795 | INFO | gmail_sync | Finished fetching message IDs. Total: 5 messages in 0.40 seconds.
2026-09-05 10:20:16,036 | INFO | gmail_sync | Authenticating user...
2026-09-05 10:20:16,036 | INFO | gmail_sync | Token file found. Loading credentials...
2026-09-05 10:20:16,039 | INFO | gmail_sync | Authentication successful. Building Gmail service...
2026-09-05 10:20:16,041 | INFO | gmail_sync | Fetching up to 5 recent message IDs...
2026-09-05 10:20:16,442 | INFO | gmail_sync | Fetched page 1: 5 messages (total: 5/5)
2026-09-05 10:20:16,443 | INFO | gmail_sync | Finished fetching message IDs. Total: 5 messages in 0.40 seconds.
2026-09-05 10:30:30,560 | INFO | gmail_sync | Authenticating user...
2026-09-05 10:30:30,560 | INFO | gmail_sync | Token file found. Loading credentials...
2026-09-05 10:30:30,562 | INFO | gmail_sync | Authentication successful. Building Gmail service...
2026-09-05 10:30:30,565 | INFO | gmail_sync | First boot detected. Fetching first 5 emails...
2026-09-05 10:30:30,565 | INFO | gmail_sync | Fetching up to 5 recent message IDs...
2026-09-05 10:30:30,982 | INFO | gmail_sync | Fetched page 1: 5 messages (total: 5/5)
2026-09-05 10:30:30,982 | INFO | gmail_sync | Fetched 5 message IDs. Fetching message details...
2026-09-05 10:30:32,617 | INFO | gmail_sync | Fetched 5 emails in 2.05 seconds.
2026-09-05 10:30:32,617 | INFO | gmail_sync | Saving emails to database...
2026-09-05 10:34:01,817 | INFO | gmail_sync | Authenticating user...
2026-09-05 10:34:01,818 | INFO | gmail_sync | Token file found. Loading credentials...
2026-09-05 10:34:01,819 | INFO | gmail_sync | Authentication successful. Building Gmail service...
2026-09-05 10:34:01,821 | INFO | gmail_sync | First boot detected. Fetching first 5 emails...
2026-09-05 10:34:01,821 | INFO | gmail_sync | Fetching up to 5 recent message IDs...
2026-09-05 10:34:02,201 | INFO | gmail_sync | Fetched page 1: 5 messages (total: 5/5)
2026-09-05 10:34:02,201 | INFO | gmail_sync | Fetched 5 message IDs. Fetching message details...
2026-09-05 10:34:03,963 | INFO | gmail_sync | Fetched 5 emails in 2.14 seconds.
2026-09-05 10:34:03,963 | INFO | gmail_sync | Saving emails to database...
2026-09-05 10:34:03,969 | INFO | gmail_sync | Sync complete!
2026-09-05 10:34:16,070 | INFO | gmail_sync | Authenticating user...
2026-09-05 10:34:16,070 | INFO | gmail_sync | Token file found. Loading credentials...
2026-09-05 10:34:16,072 | INFO | gmail_sync | Authentication successful. Building Gmail service...
2026-09-05 10:34:16,074 | INFO | gmail_sync | Fetching up to 5 recent message IDs...
2026-09-05 10:34:16,439 | INFO | gmail_sync | Fetched page 1: 5 messages (total: 5/5)
2026-09-05 10:34:16,439 | INFO | gmail_sync | Fetched 5 message IDs. Fetching message details...
2026-09-05 10:34:18,105 | INFO | gmail_sync | Fetched 5 emails in 2.03 seconds.
2026-09-05 10:34:37,279 | INFO | gmail_sync | Authenticating user...
2026-09-05 10:34:37,279 | INFO | gmail_sync | Token file found. Loading credentials...
2026-09-05 10:34:37,280 | INFO | gmail_sync | Authentication successful. Building Gmail service...
2026-09-05 10:34:37,282 | INFO | gmail_sync | Fetching up to 5 recent message IDs...
2026-09-05 10:34:37,649 | INFO | gmail_sync | Fetched page 1: 5 messages (total: 5/5)
2026-09-05 10:34:37,649 | INFO | gmail_sync | Fetched 5 message IDs. Fetching message details...
2026-09-05 10:34:39,404 | INFO | gmail_sync | Fetched 5 emails in 2.12 seconds.
2026-09-05 10:34:49,620 | INFO | gmail_sync | Authenticating user...
2026-09-05 10:34:49,620 | INFO | gmail_sync | Token file found. Loading credentials...
2026-09-05 10:34:49,621 | INFO | gmail_sync | Authentication successful. Building Gmail service...
2026-09-05 10:34:49,624 | INFO | gmail_sync | Fetching up to 5 recent message IDs...
2026-09-05 10:34:50,005 | INFO | gmail_sync | Fetched page 1: 5 messages (total: 5/5)
2026-09-05 10:34:50,005 | INFO | gmail_sync | Fetched 5 message IDs. Fetching message details...
2026-09-05 10:34:52,011 | INFO | gmail_sync | Fetched 5 emails in 2.39 seconds.
2026-09-05 10:36:44,414 | INFO | gmail_sync | Authenticating user...
2026-09-05 10:36:44,414 | INFO | gmail_sync | Token file found. Loading credentials...
2026-09-05 10:36:44,416 | INFO | gmail_sync | Authentication successful. Building Gmail service...
2026-09-05 10:36:44,418 | INFO | gmail_sync | First boot detected. Fetching first 5 emails...
2026-09-05 10:36:44,418 | INFO | gmail_sync | Fetching up to 5 recent message IDs...
2026-09-05 10:36:44,827 | INFO | gmail_sync | Fetched page 1: 5 messages (total: 5/5)
2026-09-05 10:36:44,828 | INFO | gmail_sync | Fetched 5 message IDs. Fetching message details...
2026-09-05 10:36:46,680 | INFO | gmail_sync | Fetched 5 emails in 2.26 seconds.
2026-09-05 10:36:46,680 | INFO | gmail_sync | Saving emails to database...
2026-09-05 10:36:46,685 | INFO | gmail_sync | Sync complete!
